     1                                  bits 32
     2                                  
     3                                  
     4                                  global start        
     5                                  
     6                                  extern exit              
     7                                  import exit msvcrt.dll  
     8                                  extern printf  
     9                                  import printf msvcrt.dll
    10                                  
    11                                  segment data use32 class=data
    12 00000000 52657A756C74617475-         print_frmt db "Rezultatul este %d", 0
    12 00000009 6C2065737465202564-
    12 00000012 00                 
    13                                     
    14                                      
    15                                  segment code use32 class=code
    16                                      start:
    17 00000000 B801000000                      mov eax, 1
    18 00000005 BB0F000000                      mov ebx, 15
    19                                          
    20 0000000A 01D8                            add eax, ebx ; eax += ebx (1 + 15)
    21                                          
    22 0000000C 50                              push eax
    23 0000000D 68[00000000]                    push print_frmt
    24 00000012 FF15[00000000]                  call[printf]
    25                                          
    26 00000018 83C408                          add esp, 4 * 2 
    27                                          
    28 0000001B 6A00                            push    dword 0      
    29 0000001D FF15[00000000]                  call    [exit]       
